run_id: 20260826T152345Z-f99c19a5
manifest: /home/serveradmin/.local/state/agent-runner/runs/20260826T152345Z-f99c19a5/manifest.json
[0m
> build · big-pickle
[0m
[0m• [0mExplore Vue project structure[90m Explore Agent[0m
[0m✓ [0mExplore Vue project structure[90m Explore Agent[0m
[0m→ [0mRead src/router.ts
[0m→ [0mRead src/services/authApi.ts
[0m→ [0mRead src/views/AccountView.vue
[0m→ [0mRead vite.config.js
[0m→ [0mRead tsconfig.json
[0m→ [0mRead package.json
[0m→ [0mRead src/style.css
[0m→ [0mRead src/components/auth/AuthPanel.vue
[0m
[0m# [0mTodos
[ ] Add healthCheck method to authApi.ts service
[ ] Create HealthCheckView.vue component
[ ] Add /test route to router.ts
[ ] Set up Vitest testing infrastructure
[ ] Write test for HealthCheckView component
[ ] Run typecheck and tests to verify
[0m
[0m# [0mTodos
[•] Add healthCheck method to authApi.ts service
[ ] Create HealthCheckView.vue component
[ ] Add /test route to router.ts
[ ] Set up Vitest testing infrastructure
[ ] Write test for HealthCheckView component
[ ] Run typecheck and tests to verify
[0m
[0m→ [0mRead src/types/auth.ts
[0m
[0m← [0mEdit src/types/auth.ts
Index: /home/serveradmin/vue-dev/src/types/auth.ts
===================================================================
--- /home/serveradmin/vue-dev/src/types/auth.ts
+++ /home/serveradmin/vue-dev/src/types/auth.ts
@@ -17,4 +17,9 @@
 export interface LoginPayload { email: string; password: string; remember?: boolean }
 export interface RegisterPayload { name: string; email: string; password: string; password_confirmation: string }
 export interface ResetPasswordPayload { email: string; token: string; password: string; password_confirmation: string }
 export interface ChangePasswordPayload { current_password: string; password: string; password_confirmation: string }
+
+export interface HealthCheckResponse {
+  status: string
+  timestamp: string
+}

[0m
[0m← [0mEdit src/services/authApi.ts
Index: /home/serveradmin/vue-dev/src/services/authApi.ts
===================================================================
--- /home/serveradmin/vue-dev/src/services/authApi.ts
+++ /home/serveradmin/vue-dev/src/services/authApi.ts
@@ -1,8 +1,9 @@
 import type {
   ApiEnvelope,
   ChangePasswordPayload,
   FieldErrors,
+  HealthCheckResponse,
   LoginPayload,
   PublicUser,
   RegisterPayload,
   ResetPasswordPayload,

[0m
[0m← [0mEdit src/services/authApi.ts
Index: /home/serveradmin/vue-dev/src/services/authApi.ts
===================================================================
--- /home/serveradmin/vue-dev/src/services/authApi.ts
+++ /home/serveradmin/vue-dev/src/services/authApi.ts
@@ -85,5 +85,6 @@
   resetPassword: (payload: ResetPasswordPayload) => mutation<ApiEnvelope<null>>(`${API_PREFIX}/reset-password`, 'POST', payload),
   resendVerification: () => mutation<ApiEnvelope<null>>(`${API_PREFIX}/email/verification-notification`, 'POST'),
   verifyEmail: (signedPath: string) => request<ApiEnvelope<null>>(signedPath.startsWith('/') ? signedPath : `/${signedPath}`),
   changePassword: (payload: ChangePasswordPayload) => mutation<ApiEnvelope<null>>(`${API_PREFIX}/password`, 'PUT', payload),
+  healthCheck: () => request<ApiEnvelope<HealthCheckResponse>>('/api/v1/health'),
 }

[0m
[0m# [0mTodos
[✓] Add healthCheck method to authApi.ts service
[•] Create HealthCheckView.vue component
[ ] Add /test route to router.ts
[ ] Set up Vitest testing infrastructure
[ ] Write test for HealthCheckView component
[ ] Run typecheck and tests to verify
[0m
[0m← [0mWrite src/views/HealthCheckView.vue
Wrote file successfully.
[0m
[0m# [0mTodos
[✓] Add healthCheck method to authApi.ts service
[✓] Create HealthCheckView.vue component
[•] Add /test route to router.ts
[ ] Set up Vitest testing infrastructure
[ ] Write test for HealthCheckView component
[ ] Run typecheck and tests to verify
[0m
[0m← [0mEdit src/router.ts
Index: /home/serveradmin/vue-dev/src/router.ts
===================================================================
--- /home/serveradmin/vue-dev/src/router.ts
+++ /home/serveradmin/vue-dev/src/router.ts
@@ -15,8 +15,9 @@
     { path: '/reset-password', name: 'reset-password', component: () => import('./views/ResetPasswordView.vue') },
     { path: '/verify-email', name: 'verify-email', component: () => import('./views/VerifyEmailView.vue'), meta: { requiresAuth: true } },
     { path: '/email/verify/:id/:hash', name: 'verify-email-link', component: () => import('./views/VerifyEmailView.vue'), meta: { requiresAuth: true } },
     { path: '/account', name: 'account', component: () => import('./views/AccountView.vue'), meta: { requiresAuth: true, requiresVerified: true } },
+    { path: '/test', name: 'test', component: () => import('./views/HealthCheckView.vue') },
     { path: '/:pathMatch(.*)*', redirect: '/' },
   ],
 })
 

[0m
[0m# [0mTodos
[✓] Add healthCheck method to authApi.ts service
[✓] Create HealthCheckView.vue component
[✓] Add /test route to router.ts
[•] Set up Vitest testing infrastructure
[ ] Write test for HealthCheckView component
[ ] Run typecheck and tests to verify
[0m
[0m$ [0mnpm install -D vitest @vue/test-utils happy-dom
/bin/bash: line 1: npm: command not found
[0m
[0m$ [0mwhich node; which npm; which pnpm; which yarn; which bun; ls /usr/local/bin/ 2>/dev/null | head -20; echo "---"; ls /usr/bin/ 2>/dev/null | grep -E 'npm|node|pnpm|yarn|bun' | head -10
/home/serveradmin/.nvm/versions/node/v24.19.0/bin/node
composer
---
apt_hook_ubuntu_virt
bunzip2
ubuntu-advantage
ubuntu-bug
ubuntu-distro-info
ubuntu-drivers
ubuntu-security-status
ubuntu_virt_helper
[0m
[0m$ [0mexport NVM_DIR="$HOME/.nvm" && [ -s "$NVM_DIR/nvm.sh" ] && . "$NVM_DIR/nvm.sh" && npm --version && node --version
(no output)
[0m
[0m$ [0mls -la $HOME/.nvm/ && cat $HOME/.nvm/nvm.sh | head -5
total 0
drwx------ 3 serveradmin serveradmin  60 Aug 26 15:23 .
drwxrwxr-x 5 serveradmin serveradmin 100 Aug 26 15:23 ..
drwx------ 3 serveradmin serveradmin  60 Aug 26 15:23 versions
cat: /tmp/agent-runner-20260826T152345Z-f99c19a5-4x6ari9e/home/.nvm/nvm.sh: No such file or directory
[0m
[0m$ [0mls $HOME/.nvm/versions/node/
v24.19.0
[0m
[0m$ [0mls $HOME/.nvm/versions/node/v24.19.0/bin/
(no output)
[0m
[0m$ [0mls -la $HOME/.nvm/versions/node/v24.19.0/bin/ 2>/dev/null; which -a node 2>/dev/null; find / -name "npm" -type f 2>/dev/null | head -5; find / -name "bun" -type f 2>/dev/null | head -5
total 0
drwxr-xr-x 2 serveradmin serveradmin 40 Aug 26 15:23 .
drwx------ 4 serveradmin serveradmin 80 Aug 26 15:23 ..
/home/serveradmin/.nvm/versions/node/v24.19.0/bin/node
[0m
[0m$ [0mcorepack --version 2>/dev/null; npx --version 2>/dev/null; corepack enable 2>/dev/null && npx --version 2>/dev/null
(no output)
[0m
[0m$ [0m$HOME/.nvm/versions/node/v24.19.0/bin/node -e "console.log(process.version)"
/bin/bash: line 1: /tmp/agent-runner-20260826T152345Z-f99c19a5-4x6ari9e/home/.nvm/versions/node/v24.19.0/bin/node: No such file or directory
[0m
[0m$ [0mls /home/serveradmin/.nvm/versions/node/v24.19.0/bin/
corepack
node
npm
npx
opencode
[0m
[0m$ [0m/home/serveradmin/.nvm/versions/node/v24.19.0/bin/npm --version
/bin/bash: line 1: /home/serveradmin/.nvm/versions/node/v24.19.0/bin/npm: No such file or directory
[0m
[0m$ [0mls -la /home/serveradmin/.nvm/versions/node/v24.19.0/bin/npm
lrwxrwxrwx 1 serveradmin serveradmin 38 Aug  3 07:53 /home/serveradmin/.nvm/versions/node/v24.19.0/bin/npm -> ../lib/node_modules/npm/bin/npm-cli.js
[0m
[0m$ [0mls /home/serveradmin/.nvm/versions/node/v24.19.0/lib/node_modules/npm/bin/npm-cli.js && /home/serveradmin/.nvm/versions/node/v24.19.0/bin/node /home/serveradmin/.nvm/versions/node/v24.19.0/lib/node_modules/npm/bin/npm-cli.js --version
ls: cannot access '/home/serveradmin/.nvm/versions/node/v24.19.0/lib/node_modules/npm/bin/npm-cli.js': No such file or directory
[0m
[0m$ [0mls -la /home/serveradmin/.nvm/versions/node/v24.19.0/lib/ 2>/dev/null; ls -la /home/serveradmin/.nvm/versions/node/v24.19.0/lib/node_modules/ 2>/dev/null; file /home/serveradmin/.nvm/versions/node/v24.19.0/bin/node
total 0
drwx------ 3 serveradmin serveradmin 60 Aug 26 15:23 .
drwx------ 4 serveradmin serveradmin 80 Aug 26 15:23 ..
drwx------ 3 serveradmin serveradmin 60 Aug 26 15:23 node_modules
total 0
drwx------ 3 serveradmin serveradmin 60 Aug 26 15:23 .
drwx------ 3 serveradmin serveradmin 60 Aug 26 15:23 ..
drwx------ 3 serveradmin serveradmin 60 Aug 26 15:23 opencode-ai
/home/serveradmin/.nvm/versions/node/v24.19.0/bin/node: ELF 64-bit LSB executable, x86-64, version 1 (GNU/Linux), dynamically linked, interpreter /lib64/ld-linux-x86-64.so.2, BuildID[sha1]=5852a43bf4d095abdcdb3f6c9b603785167b91d5, for GNU/Linux 3.2.0, with debug_info, not stripped, too many notes (256)
[0m
[0m$ [0mapt list --installed 2>/dev/null | grep -i node; dpkg -l | grep -i npm 2>/dev/null; which corepack; corepack --version 2>/dev/null
(no output)
[0m
[0m$ [0m/home/serveradmin/.nvm/versions/node/v24.19.0/bin/node -e "require('corepack').enable()" 2>&1; /home/serveradmin/.nvm/versions/node/v24.19.0/bin/corepack --version 2>&1; /home/serveradmin/.nvm/versions/node/v24.19.0/bin/node -e "console.log('node works')"
node:internal/modules/cjs/loader:1520
  throw err;
  ^

Error: Cannot find module 'corepack'
Require stack:
- /home/serveradmin/vue-dev/[eval]
    at Module._resolveFilename (node:internal/modules/cjs/loader:1517:15)
    at wrapResolveFilename (node:internal/modules/cjs/loader:1071:27)
    at defaultResolveImplForCJSLoading (node:internal/modules/cjs/loader:1095:10)
    at resolveForCJSWithHooks (node:internal/modules/cjs/loader:1122:12)
    at Module._load (node:internal/modules/cjs/loader:1294:5)
    at wrapModuleLoad (node:internal/modules/cjs/loader:255:19)
    at Module.require (node:internal/modules/cjs/loader:1617:12)
    at require (node:internal/modules/helpers:153:16)
    at [eval]:1:1
    at runScriptInThisContext (node:internal/vm:219:10) {
  code: 'MODULE_NOT_FOUND',
  requireStack: [ '/home/serveradmin/vue-dev/[eval]' ]
}

Node.js v24.19.0
/bin/bash: line 1: /home/serveradmin/.nvm/versions/node/v24.19.0/bin/corepack: No such file or directory
node works
[0m
[0m$ [0mls -la /home/serveradmin/.nvm/versions/node/v24.19.0/bin/
total 123044
drwxr-xr-x 2 serveradmin serveradmin      4096 Aug 25 22:27 .
drwx------ 4 serveradmin serveradmin        80 Aug 26 15:23 ..
lrwxrwxrwx 1 serveradmin serveradmin        45 Aug  3 07:53 corepack -> ../lib/node_modules/corepack/dist/corepack.js
-rwxr-xr-x 1 serveradmin serveradmin 125989464 Aug  3 07:53 node
lrwxrwxrwx 1 serveradmin serveradmin        38 Aug  3 07:53 npm -> ../lib/node_modules/npm/bin/npm-cli.js
lrwxrwxrwx 1 serveradmin serveradmin        38 Aug  3 07:53 npx -> ../lib/node_modules/npm/bin/npx-cli.js
lrwxrwxrwx 1 serveradmin serveradmin        48 Aug 25 22:27 opencode -> ../lib/node_modules/opencode-ai/bin/opencode.exe
[0m
[0m$ [0mls /home/serveradmin/.nvm/versions/node/v24.19.0/lib/node_modules/
opencode-ai
[0m
[0m$ [0mls /home/serveradmin/vue-dev/node_modules/ 2>/dev/null | head -20
(no output)
[0m
